// Jest Snapshot v1, https://goo.gl/fbAQLP

exports[`NavigationBar should render NavigationBar and match snapshot 1`] = `
<header
  className="MuiPaper-root MuiAppBar-root MuiAppBar-positionRelative MuiAppBar-colorPrimary makeStyles-root-1 MuiPaper-elevation4"
>
  <div
    className="MuiToolbar-root MuiToolbar-regular MuiToolbar-gutters"
  >
    <a
      className="MuiTypography-root MuiLink-root MuiLink-underlineHover MuiTypography-colorPrimary"
      href="/"
      onBlur={[Function]}
      onFocus={[Function]}
    >
      <svg
        aria-hidden="true"
        className="MuiSvgIcon-root makeStyles-homeButton-2 MuiSvgIcon-fontSizeLarge"
        focusable="false"
        role="presentation"
        viewBox="0 0 24 24"
      >
        <path
          d="M10 20v-6h4v6h5v-8h3L12 3 2 12h3v8z"
        />
      </svg>
    </a>
    <h4
      className="MuiTypography-root makeStyles-title-3 MuiTypography-h4"
    >
      Schola
    </h4>
    <button
      className="MuiButtonBase-root MuiButton-root MuiButton-contained makeStyles-menuButton-4 makeStyles-buttonLogin-6 MuiButton-disableElevation"
      disabled={false}
      onBlur={[Function]}
      onDragLeave={[Function]}
      onFocus={[Function]}
      onKeyDown={[Function]}
      onKeyUp={[Function]}
      onMouseDown={[Function]}
      onMouseLeave={[Function]}
      onMouseUp={[Function]}
      onTouchEnd={[Function]}
      onTouchMove={[Function]}
      onTouchStart={[Function]}
      tabIndex={0}
      type="button"
    >
      <span
        className="MuiButton-label"
      >
        <p
          className="MuiTypography-root MuiTypography-body1"
        >
          Log in
        </p>
      </span>
    </button>
    <button
      className="MuiButtonBase-root MuiButton-root MuiButton-contained makeStyles-menuButton-4 makeStyles-buttonRegister-5 MuiButton-disableElevation"
      disabled={false}
      onBlur={[Function]}
      onDragLeave={[Function]}
      onFocus={[Function]}
      onKeyDown={[Function]}
      onKeyUp={[Function]}
      onMouseDown={[Function]}
      onMouseLeave={[Function]}
      onMouseUp={[Function]}
      onTouchEnd={[Function]}
      onTouchMove={[Function]}
      onTouchStart={[Function]}
      tabIndex={0}
      type="button"
    >
      <span
        className="MuiButton-label"
      >
        <p
          className="MuiTypography-root MuiTypography-body1"
        >
          Register
        </p>
      </span>
    </button>
  </div>
</header>
`;
